[0.350s] DEBUG:colcon:Command line arguments: ['/usr/bin/colcon', 'build']
[0.350s] DEBUG:colcon:Parsed command line arguments: Namespace(log_base=None, log_level=None, verb_name='build', build_base='build', install_base='install', merge_install=False, symlink_install=False, test_result_base=None, continue_on_error=False, executor='parallel', parallel_workers=12, event_handlers=None, ignore_user_meta=False, metas=['./colcon.meta'], base_paths=['.'], packages_ignore=None, packages_ignore_regex=None, paths=None, packages_up_to=None, packages_up_to_regex=None, packages_above=None, packages_above_and_dependencies=None, packages_above_depth=None, packages_select_by_dep=None, packages_skip_by_dep=None, packages_skip_up_to=None, packages_select_build_failed=False, packages_skip_build_finished=False, packages_select_test_failures=False, packages_skip_test_passed=False, packages_select=None, packages_skip=None, packages_select_regex=None, packages_skip_regex=None, packages_start=None, packages_end=None, cmake_args=None, cmake_target=None, cmake_target_skip_unavailable=False, cmake_clean_cache=False, cmake_clean_first=False, cmake_force_configure=False, ament_cmake_args=None, catkin_cmake_args=None, catkin_skip_building_tests=False, mixin_files=None, mixin=None, verb_parser=<colcon_mixin.mixin.mixin_argument.MixinArgumentDecorator object at 0x72441a454cd0>, verb_extension=<colcon_core.verb.build.BuildVerb object at 0x72441a5c2590>, main=<bound method BuildVerb.main of <colcon_core.verb.build.BuildVerb object at 0x72441a5c2590>>, mixin_verb=('build',))
[0.726s] Level 1:colcon.colcon_core.package_discovery:discover_packages(colcon_meta) check parameters
[0.727s] INFO:colcon.colcon_metadata.package_discovery.colcon_meta:Using configuration from '/root/.colcon/metadata/default/Gazebo.meta'
[0.728s] INFO:colcon.colcon_metadata.package_discovery.colcon_meta:Using configuration from '/root/.colcon/metadata/default/fastdds.meta'
[0.729s] INFO:colcon.colcon_metadata.package_discovery.colcon_meta:Using configuration from '/root/.colcon/metadata/default/fastrtps.meta'
[0.729s] Level 1:colcon.colcon_core.package_discovery:discover_packages(recursive) check parameters
[0.729s] Level 1:colcon.colcon_core.package_discovery:discover_packages(ignore) check parameters
[0.729s] Level 1:colcon.colcon_core.package_discovery:discover_packages(path) check parameters
[0.729s] Level 1:colcon.colcon_core.package_discovery:discover_packages(colcon_meta) discover
[0.729s] Level 1:colcon.colcon_core.package_discovery:discover_packages(recursive) discover
[0.729s] INFO:colcon.colcon_core.package_discovery:Crawling recursively for packages in '/root/Semestre8/Minichallenge/Puzzlebot-Papuland'
[0.729s] Level 1:colcon.colcon_core.package_identification:_identify(.) by extensions ['ignore', 'ignore_ament_install']
[0.729s] Level 1:colcon.colcon_core.package_identification:_identify(.) by extension 'ignore'
[0.729s] Level 1:colcon.colcon_core.package_identification:_identify(.) by extension 'ignore_ament_install'
[0.729s] Level 1:colcon.colcon_core.package_identification:_identify(.) by extensions ['colcon_pkg']
[0.729s] Level 1:colcon.colcon_core.package_identification:_identify(.) by extension 'colcon_pkg'
[0.730s] Level 1:colcon.colcon_core.package_identification:_identify(.) by extensions ['colcon_meta']
[0.730s] Level 1:colcon.colcon_core.package_identification:_identify(.) by extension 'colcon_meta'
[0.730s] Level 1:colcon.colcon_core.package_identification:_identify(.) by extensions ['ros']
[0.730s] Level 1:colcon.colcon_core.package_identification:_identify(.) by extension 'ros'
[0.752s] DEBUG:colcon.colcon_core.package_identification:Package '.' with type 'ros.ament_python' and name 'puzzlebot_sim'
[0.752s] Level 1:colcon.colcon_core.package_discovery:discover_packages(recursive) using defaults
[0.752s] Level 1:colcon.colcon_core.package_discovery:discover_packages(ignore) discover
[0.752s] Level 1:colcon.colcon_core.package_discovery:discover_packages(ignore) using defaults
[0.752s] Level 1:colcon.colcon_core.package_discovery:discover_packages(path) discover
[0.752s] Level 1:colcon.colcon_core.package_discovery:discover_packages(path) using defaults
[0.789s] Level 5:colcon.colcon_core.verb:set package 'puzzlebot_sim' build argument 'cmake_args' from command line to 'None'
[0.789s] Level 5:colcon.colcon_core.verb:set package 'puzzlebot_sim' build argument 'cmake_target' from command line to 'None'
[0.789s] Level 5:colcon.colcon_core.verb:set package 'puzzlebot_sim' build argument 'cmake_target_skip_unavailable' from command line to 'False'
[0.789s] Level 5:colcon.colcon_core.verb:set package 'puzzlebot_sim' build argument 'cmake_clean_cache' from command line to 'False'
[0.789s] Level 5:colcon.colcon_core.verb:set package 'puzzlebot_sim' build argument 'cmake_clean_first' from command line to 'False'
[0.789s] Level 5:colcon.colcon_core.verb:set package 'puzzlebot_sim' build argument 'cmake_force_configure' from command line to 'False'
[0.789s] Level 5:colcon.colcon_core.verb:set package 'puzzlebot_sim' build argument 'ament_cmake_args' from command line to 'None'
[0.789s] Level 5:colcon.colcon_core.verb:set package 'puzzlebot_sim' build argument 'catkin_cmake_args' from command line to 'None'
[0.789s] Level 5:colcon.colcon_core.verb:set package 'puzzlebot_sim' build argument 'catkin_skip_building_tests' from command line to 'False'
[0.789s] DEBUG:colcon.colcon_core.verb:Building package 'puzzlebot_sim' with the following arguments: {'ament_cmake_args': None, 'build_base': '/root/Semestre8/Minichallenge/Puzzlebot-Papuland/build/puzzlebot_sim', 'catkin_cmake_args': None, 'catkin_skip_building_tests': False, 'cmake_args': None, 'cmake_clean_cache': False, 'cmake_clean_first': False, 'cmake_force_configure': False, 'cmake_target': None, 'cmake_target_skip_unavailable': False, 'install_base': '/root/Semestre8/Minichallenge/Puzzlebot-Papuland/install/puzzlebot_sim', 'merge_install': False, 'path': '/root/Semestre8/Minichallenge/Puzzlebot-Papuland', 'symlink_install': False, 'test_result_base': None}
[0.790s] INFO:colcon.colcon_core.executor:Executing jobs using 'parallel' executor
[0.792s] DEBUG:colcon.colcon_parallel_executor.executor.parallel:run_until_complete
[0.792s] INFO:colcon.colcon_ros.task.ament_python.build:Building ROS package in '/root/Semestre8/Minichallenge/Puzzlebot-Papuland' with build type 'ament_python'
[0.792s] Level 1:colcon.colcon_core.shell:create_environment_hook('puzzlebot_sim', 'ament_prefix_path')
[0.798s] INFO:colcon.colcon_core.plugin_system:Skipping extension 'colcon_core.shell.bat': Not used on non-Windows systems
[0.799s] INFO:colcon.colcon_core.shell:Creating environment hook '/root/Semestre8/Minichallenge/Puzzlebot-Papuland/install/puzzlebot_sim/share/puzzlebot_sim/hook/ament_prefix_path.ps1'
[0.800s] INFO:colcon.colcon_core.shell:Creating environment descriptor '/root/Semestre8/Minichallenge/Puzzlebot-Papuland/install/puzzlebot_sim/share/puzzlebot_sim/hook/ament_prefix_path.dsv'
[0.800s] INFO:colcon.colcon_core.shell:Creating environment hook '/root/Semestre8/Minichallenge/Puzzlebot-Papuland/install/puzzlebot_sim/share/puzzlebot_sim/hook/ament_prefix_path.sh'
[0.802s] INFO:colcon.colcon_core.shell:Skip shell extension 'powershell' for command environment: Not usable outside of PowerShell
[0.802s] DEBUG:colcon.colcon_core.shell:Skip shell extension 'dsv' for command environment
[1.203s] INFO:colcon.colcon_core.task.python.build:Building Python package in '/root/Semestre8/Minichallenge/Puzzlebot-Papuland'
[1.204s] INFO:colcon.colcon_core.shell:Skip shell extension 'powershell' for command environment: Not usable outside of PowerShell
[1.204s] DEBUG:colcon.colcon_core.shell:Skip shell extension 'dsv' for command environment
[1.873s] DEBUG:colcon.colcon_core.event_handler.log_command:Invoking command in '/root/Semestre8/Minichallenge/Puzzlebot-Papuland': PYTHONPATH=/root/Semestre8/Minichallenge/Puzzlebot-Papuland/build/puzzlebot_sim/prefix_override:/usr/lib/python3/dist-packages/colcon_core/task/python/colcon_distutils_commands:/root/Semestre8/Minichallenge/Puzzlebot-Papuland/install/puzzlebot_sim/lib/python3.10/site-packages:${PYTHONPATH} /usr/bin/python3 -W ignore:setup.py install is deprecated -W ignore:easy_install command is deprecated setup.py egg_info --egg-base build/puzzlebot_sim build --build-base /root/Semestre8/Minichallenge/Puzzlebot-Papuland/build/puzzlebot_sim/build install --record /root/Semestre8/Minichallenge/Puzzlebot-Papuland/build/puzzlebot_sim/install.log --single-version-externally-managed install_data
[2.486s] DEBUG:colcon.colcon_core.event_handler.log_command:Invoked command in '/root/Semestre8/Minichallenge/Puzzlebot-Papuland' returned '0': PYTHONPATH=/root/Semestre8/Minichallenge/Puzzlebot-Papuland/build/puzzlebot_sim/prefix_override:/usr/lib/python3/dist-packages/colcon_core/task/python/colcon_distutils_commands:/root/Semestre8/Minichallenge/Puzzlebot-Papuland/install/puzzlebot_sim/lib/python3.10/site-packages:${PYTHONPATH} /usr/bin/python3 -W ignore:setup.py install is deprecated -W ignore:easy_install command is deprecated setup.py egg_info --egg-base build/puzzlebot_sim build --build-base /root/Semestre8/Minichallenge/Puzzlebot-Papuland/build/puzzlebot_sim/build install --record /root/Semestre8/Minichallenge/Puzzlebot-Papuland/build/puzzlebot_sim/install.log --single-version-externally-managed install_data
[2.494s] Level 1:colcon.colcon_core.environment:checking '/root/Semestre8/Minichallenge/Puzzlebot-Papuland/install/puzzlebot_sim' for CMake module files
[2.495s] Level 1:colcon.colcon_core.environment:checking '/root/Semestre8/Minichallenge/Puzzlebot-Papuland/install/puzzlebot_sim' for CMake config files
[2.497s] Level 1:colcon.colcon_core.environment:checking '/root/Semestre8/Minichallenge/Puzzlebot-Papuland/install/puzzlebot_sim/lib'
[2.497s] Level 1:colcon.colcon_core.environment:checking '/root/Semestre8/Minichallenge/Puzzlebot-Papuland/install/puzzlebot_sim/bin'
[2.497s] Level 1:colcon.colcon_core.environment:checking '/root/Semestre8/Minichallenge/Puzzlebot-Papuland/install/puzzlebot_sim/lib/pkgconfig/puzzlebot_sim.pc'
[2.498s] Level 1:colcon.colcon_core.environment:checking '/root/Semestre8/Minichallenge/Puzzlebot-Papuland/install/puzzlebot_sim/lib/python3.10/site-packages'
[2.498s] Level 1:colcon.colcon_core.shell:create_environment_hook('puzzlebot_sim', 'pythonpath')
[2.498s] INFO:colcon.colcon_core.shell:Creating environment hook '/root/Semestre8/Minichallenge/Puzzlebot-Papuland/install/puzzlebot_sim/share/puzzlebot_sim/hook/pythonpath.ps1'
[2.499s] INFO:colcon.colcon_core.shell:Creating environment descriptor '/root/Semestre8/Minichallenge/Puzzlebot-Papuland/install/puzzlebot_sim/share/puzzlebot_sim/hook/pythonpath.dsv'
[2.499s] INFO:colcon.colcon_core.shell:Creating environment hook '/root/Semestre8/Minichallenge/Puzzlebot-Papuland/install/puzzlebot_sim/share/puzzlebot_sim/hook/pythonpath.sh'
[2.500s] Level 1:colcon.colcon_core.environment:checking '/root/Semestre8/Minichallenge/Puzzlebot-Papuland/install/puzzlebot_sim/bin'
[2.500s] Level 1:colcon.colcon_core.environment:create_environment_scripts_only(puzzlebot_sim)
[2.501s] INFO:colcon.colcon_core.shell:Creating package script '/root/Semestre8/Minichallenge/Puzzlebot-Papuland/install/puzzlebot_sim/share/puzzlebot_sim/package.ps1'
[2.502s] INFO:colcon.colcon_core.shell:Creating package descriptor '/root/Semestre8/Minichallenge/Puzzlebot-Papuland/install/puzzlebot_sim/share/puzzlebot_sim/package.dsv'
[2.503s] INFO:colcon.colcon_core.shell:Creating package script '/root/Semestre8/Minichallenge/Puzzlebot-Papuland/install/puzzlebot_sim/share/puzzlebot_sim/package.sh'
[2.504s] INFO:colcon.colcon_core.shell:Creating package script '/root/Semestre8/Minichallenge/Puzzlebot-Papuland/install/puzzlebot_sim/share/puzzlebot_sim/package.bash'
[2.505s] INFO:colcon.colcon_core.shell:Creating package script '/root/Semestre8/Minichallenge/Puzzlebot-Papuland/install/puzzlebot_sim/share/puzzlebot_sim/package.zsh'
[2.507s] Level 1:colcon.colcon_core.environment:create_file_with_runtime_dependencies(/root/Semestre8/Minichallenge/Puzzlebot-Papuland/install/puzzlebot_sim/share/colcon-core/packages/puzzlebot_sim)
[2.507s] DEBUG:colcon.colcon_parallel_executor.executor.parallel:closing loop
[2.507s] DEBUG:colcon.colcon_parallel_executor.executor.parallel:loop closed
[2.508s] DEBUG:colcon.colcon_parallel_executor.executor.parallel:run_until_complete finished with '0'
[2.508s] DEBUG:colcon.colcon_core.event_reactor:joining thread
[2.529s] INFO:colcon.colcon_core.plugin_system:Skipping extension 'colcon_notification.desktop_notification.notify_send': Could not find 'notify-send'
[2.529s] INFO:colcon.colcon_core.plugin_system:Skipping extension 'colcon_notification.desktop_notification.terminal_notifier': Not used on non-Darwin systems
[2.529s] INFO:colcon.colcon_core.plugin_system:Skipping extension 'colcon_notification.desktop_notification.win32': Not used on non-Windows systems
[2.529s] INFO:colcon.colcon_notification.desktop_notification:Sending desktop notification using 'notify2'
[2.537s] DEBUG:colcon.colcon_notification.desktop_notification.notify2:Failed to initialize notify2: org.freedesktop.DBus.Error.Spawn.ExecFailed: /usr/bin/dbus-launch terminated abnormally without any error message
[2.538s] DEBUG:colcon.colcon_core.event_reactor:joined thread
[2.539s] INFO:colcon.colcon_core.shell:Creating prefix script '/root/Semestre8/Minichallenge/Puzzlebot-Papuland/install/local_setup.ps1'
[2.540s] INFO:colcon.colcon_core.shell:Creating prefix util module '/root/Semestre8/Minichallenge/Puzzlebot-Papuland/install/_local_setup_util_ps1.py'
[2.542s] INFO:colcon.colcon_core.shell:Creating prefix chain script '/root/Semestre8/Minichallenge/Puzzlebot-Papuland/install/setup.ps1'
[2.544s] INFO:colcon.colcon_core.shell:Creating prefix script '/root/Semestre8/Minichallenge/Puzzlebot-Papuland/install/local_setup.sh'
[2.545s] INFO:colcon.colcon_core.shell:Creating prefix util module '/root/Semestre8/Minichallenge/Puzzlebot-Papuland/install/_local_setup_util_sh.py'
[2.546s] INFO:colcon.colcon_core.shell:Creating prefix chain script '/root/Semestre8/Minichallenge/Puzzlebot-Papuland/install/setup.sh'
[2.547s] INFO:colcon.colcon_core.shell:Creating prefix script '/root/Semestre8/Minichallenge/Puzzlebot-Papuland/install/local_setup.bash'
[2.548s] INFO:colcon.colcon_core.shell:Creating prefix chain script '/root/Semestre8/Minichallenge/Puzzlebot-Papuland/install/setup.bash'
[2.549s] INFO:colcon.colcon_core.shell:Creating prefix script '/root/Semestre8/Minichallenge/Puzzlebot-Papuland/install/local_setup.zsh'
[2.550s] INFO:colcon.colcon_core.shell:Creating prefix chain script '/root/Semestre8/Minichallenge/Puzzlebot-Papuland/install/setup.zsh'
