running egg_info
writing build/puzzlebot_sim/puzzlebot_sim.egg-info/PKG-INFO
writing dependency_links to build/puzzlebot_sim/puzzlebot_sim.egg-info/dependency_links.txt
writing entry points to build/puzzlebot_sim/puzzlebot_sim.egg-info/entry_points.txt
writing requirements to build/puzzlebot_sim/puzzlebot_sim.egg-info/requires.txt
writing top-level names to build/puzzlebot_sim/puzzlebot_sim.egg-info/top_level.txt
reading manifest file 'build/puzzlebot_sim/puzzlebot_sim.egg-info/SOURCES.txt'
writing manifest file 'build/puzzlebot_sim/puzzlebot_sim.egg-info/SOURCES.txt'
running build
running build_py
copying puzzlebot_sim/bug2_FC_node.py -> /root/Semestre8/Minichallenge/Puzzlebot-Papuland/build/puzzlebot_sim/build/lib/puzzlebot_sim
copying puzzlebot_sim/ekf_physical_node.py -> /root/Semestre8/Minichallenge/Puzzlebot-Papuland/build/puzzlebot_sim/build/lib/puzzlebot_sim
copying puzzlebot_sim/waypoint_manager.py -> /root/Semestre8/Minichallenge/Puzzlebot-Papuland/build/puzzlebot_sim/build/lib/puzzlebot_sim
copying puzzlebot_sim/arucostatus.py -> /root/Semestre8/Minichallenge/Puzzlebot-Papuland/build/puzzlebot_sim/build/lib/puzzlebot_sim
copying puzzlebot_sim/bug0_FC_node.py -> /root/Semestre8/Minichallenge/Puzzlebot-Papuland/build/puzzlebot_sim/build/lib/puzzlebot_sim
running install
running install_lib
copying /root/Semestre8/Minichallenge/Puzzlebot-Papuland/build/puzzlebot_sim/build/lib/puzzlebot_sim/bug2_FC_node.py -> /root/Semestre8/Minichallenge/Puzzlebot-Papuland/install/puzzlebot_sim/lib/python3.10/site-packages/puzzlebot_sim
copying /root/Semestre8/Minichallenge/Puzzlebot-Papuland/build/puzzlebot_sim/build/lib/puzzlebot_sim/ekf_physical_node.py -> /root/Semestre8/Minichallenge/Puzzlebot-Papuland/install/puzzlebot_sim/lib/python3.10/site-packages/puzzlebot_sim
copying /root/Semestre8/Minichallenge/Puzzlebot-Papuland/build/puzzlebot_sim/build/lib/puzzlebot_sim/waypoint_manager.py -> /root/Semestre8/Minichallenge/Puzzlebot-Papuland/install/puzzlebot_sim/lib/python3.10/site-packages/puzzlebot_sim
copying /root/Semestre8/Minichallenge/Puzzlebot-Papuland/build/puzzlebot_sim/build/lib/puzzlebot_sim/arucostatus.py -> /root/Semestre8/Minichallenge/Puzzlebot-Papuland/install/puzzlebot_sim/lib/python3.10/site-packages/puzzlebot_sim
copying /root/Semestre8/Minichallenge/Puzzlebot-Papuland/build/puzzlebot_sim/build/lib/puzzlebot_sim/bug0_FC_node.py -> /root/Semestre8/Minichallenge/Puzzlebot-Papuland/install/puzzlebot_sim/lib/python3.10/site-packages/puzzlebot_sim
byte-compiling /root/Semestre8/Minichallenge/Puzzlebot-Papuland/install/puzzlebot_sim/lib/python3.10/site-packages/puzzlebot_sim/bug2_FC_node.py to bug2_FC_node.cpython-310.pyc
byte-compiling /root/Semestre8/Minichallenge/Puzzlebot-Papuland/install/puzzlebot_sim/lib/python3.10/site-packages/puzzlebot_sim/ekf_physical_node.py to ekf_physical_node.cpython-310.pyc
byte-compiling /root/Semestre8/Minichallenge/Puzzlebot-Papuland/install/puzzlebot_sim/lib/python3.10/site-packages/puzzlebot_sim/waypoint_manager.py to waypoint_manager.cpython-310.pyc
byte-compiling /root/Semestre8/Minichallenge/Puzzlebot-Papuland/install/puzzlebot_sim/lib/python3.10/site-packages/puzzlebot_sim/arucostatus.py to arucostatus.cpython-310.pyc
byte-compiling /root/Semestre8/Minichallenge/Puzzlebot-Papuland/install/puzzlebot_sim/lib/python3.10/site-packages/puzzlebot_sim/bug0_FC_node.py to bug0_FC_node.cpython-310.pyc
running install_data
copying launch/Final_Challenge.launch.py -> /root/Semestre8/Minichallenge/Puzzlebot-Papuland/install/puzzlebot_sim/share/puzzlebot_sim/launch
running install_egg_info
removing '/root/Semestre8/Minichallenge/Puzzlebot-Papuland/install/puzzlebot_sim/lib/python3.10/site-packages/puzzlebot_sim-0.0.0-py3.10.egg-info' (and everything under it)
Copying build/puzzlebot_sim/puzzlebot_sim.egg-info to /root/Semestre8/Minichallenge/Puzzlebot-Papuland/install/puzzlebot_sim/lib/python3.10/site-packages/puzzlebot_sim-0.0.0-py3.10.egg-info
running install_scripts
Installing Minichallenge1 script to /root/Semestre8/Minichallenge/Puzzlebot-Papuland/install/puzzlebot_sim/lib/puzzlebot_sim
Installing aruco_detection_monitor script to /root/Semestre8/Minichallenge/Puzzlebot-Papuland/install/puzzlebot_sim/lib/puzzlebot_sim
Installing bug0_FC_node script to /root/Semestre8/Minichallenge/Puzzlebot-Papuland/install/puzzlebot_sim/lib/puzzlebot_sim
Installing bug0_node script to /root/Semestre8/Minichallenge/Puzzlebot-Papuland/install/puzzlebot_sim/lib/puzzlebot_sim
Installing bug2_FC_node script to /root/Semestre8/Minichallenge/Puzzlebot-Papuland/install/puzzlebot_sim/lib/puzzlebot_sim
Installing bug2_node script to /root/Semestre8/Minichallenge/Puzzlebot-Papuland/install/puzzlebot_sim/lib/puzzlebot_sim
Installing ctrl_node script to /root/Semestre8/Minichallenge/Puzzlebot-Papuland/install/puzzlebot_sim/lib/puzzlebot_sim
Installing ekf_physical_node script to /root/Semestre8/Minichallenge/Puzzlebot-Papuland/install/puzzlebot_sim/lib/puzzlebot_sim
Installing loc_node script to /root/Semestre8/Minichallenge/Puzzlebot-Papuland/install/puzzlebot_sim/lib/puzzlebot_sim
Installing sim_node script to /root/Semestre8/Minichallenge/Puzzlebot-Papuland/install/puzzlebot_sim/lib/puzzlebot_sim
Installing traj_node script to /root/Semestre8/Minichallenge/Puzzlebot-Papuland/install/puzzlebot_sim/lib/puzzlebot_sim
Installing waypoint_manager script to /root/Semestre8/Minichallenge/Puzzlebot-Papuland/install/puzzlebot_sim/lib/puzzlebot_sim
writing list of installed files to '/root/Semestre8/Minichallenge/Puzzlebot-Papuland/build/puzzlebot_sim/install.log'
