[1.080s] Invoking command in '/root/Semestre8/Minichallenge/Puzzlebot-Papuland': PYTHONPATH=/root/Semestre8/Minichallenge/Puzzlebot-Papuland/build/puzzlebot_sim/prefix_override:/usr/lib/python3/dist-packages/colcon_core/task/python/colcon_distutils_commands:/root/Semestre8/Minichallenge/Puzzlebot-Papuland/install/puzzlebot_sim/lib/python3.10/site-packages:${PYTHONPATH} /usr/bin/python3 -W ignore:setup.py install is deprecated -W ignore:easy_install command is deprecated setup.py egg_info --egg-base build/puzzlebot_sim build --build-base /root/Semestre8/Minichallenge/Puzzlebot-Papuland/build/puzzlebot_sim/build install --record /root/Semestre8/Minichallenge/Puzzlebot-Papuland/build/puzzlebot_sim/install.log --single-version-externally-managed install_data
[1.595s] running egg_info
[1.596s] writing build/puzzlebot_sim/puzzlebot_sim.egg-info/PKG-INFO
[1.596s] writing dependency_links to build/puzzlebot_sim/puzzlebot_sim.egg-info/dependency_links.txt
[1.597s] writing entry points to build/puzzlebot_sim/puzzlebot_sim.egg-info/entry_points.txt
[1.597s] writing requirements to build/puzzlebot_sim/puzzlebot_sim.egg-info/requires.txt
[1.598s] writing top-level names to build/puzzlebot_sim/puzzlebot_sim.egg-info/top_level.txt
[1.602s] reading manifest file 'build/puzzlebot_sim/puzzlebot_sim.egg-info/SOURCES.txt'
[1.605s] writing manifest file 'build/puzzlebot_sim/puzzlebot_sim.egg-info/SOURCES.txt'
[1.605s] running build
[1.605s] running build_py
[1.606s] copying puzzlebot_sim/bug2_FC_node.py -> /root/Semestre8/Minichallenge/Puzzlebot-Papuland/build/puzzlebot_sim/build/lib/puzzlebot_sim
[1.608s] copying puzzlebot_sim/ekf_physical_node.py -> /root/Semestre8/Minichallenge/Puzzlebot-Papuland/build/puzzlebot_sim/build/lib/puzzlebot_sim
[1.608s] copying puzzlebot_sim/waypoint_manager.py -> /root/Semestre8/Minichallenge/Puzzlebot-Papuland/build/puzzlebot_sim/build/lib/puzzlebot_sim
[1.609s] copying puzzlebot_sim/arucostatus.py -> /root/Semestre8/Minichallenge/Puzzlebot-Papuland/build/puzzlebot_sim/build/lib/puzzlebot_sim
[1.609s] copying puzzlebot_sim/bug0_FC_node.py -> /root/Semestre8/Minichallenge/Puzzlebot-Papuland/build/puzzlebot_sim/build/lib/puzzlebot_sim
[1.610s] running install
[1.610s] running install_lib
[1.612s] copying /root/Semestre8/Minichallenge/Puzzlebot-Papuland/build/puzzlebot_sim/build/lib/puzzlebot_sim/bug2_FC_node.py -> /root/Semestre8/Minichallenge/Puzzlebot-Papuland/install/puzzlebot_sim/lib/python3.10/site-packages/puzzlebot_sim
[1.612s] copying /root/Semestre8/Minichallenge/Puzzlebot-Papuland/build/puzzlebot_sim/build/lib/puzzlebot_sim/ekf_physical_node.py -> /root/Semestre8/Minichallenge/Puzzlebot-Papuland/install/puzzlebot_sim/lib/python3.10/site-packages/puzzlebot_sim
[1.613s] copying /root/Semestre8/Minichallenge/Puzzlebot-Papuland/build/puzzlebot_sim/build/lib/puzzlebot_sim/waypoint_manager.py -> /root/Semestre8/Minichallenge/Puzzlebot-Papuland/install/puzzlebot_sim/lib/python3.10/site-packages/puzzlebot_sim
[1.613s] copying /root/Semestre8/Minichallenge/Puzzlebot-Papuland/build/puzzlebot_sim/build/lib/puzzlebot_sim/arucostatus.py -> /root/Semestre8/Minichallenge/Puzzlebot-Papuland/install/puzzlebot_sim/lib/python3.10/site-packages/puzzlebot_sim
[1.613s] copying /root/Semestre8/Minichallenge/Puzzlebot-Papuland/build/puzzlebot_sim/build/lib/puzzlebot_sim/bug0_FC_node.py -> /root/Semestre8/Minichallenge/Puzzlebot-Papuland/install/puzzlebot_sim/lib/python3.10/site-packages/puzzlebot_sim
[1.614s] byte-compiling /root/Semestre8/Minichallenge/Puzzlebot-Papuland/install/puzzlebot_sim/lib/python3.10/site-packages/puzzlebot_sim/bug2_FC_node.py to bug2_FC_node.cpython-310.pyc
[1.620s] byte-compiling /root/Semestre8/Minichallenge/Puzzlebot-Papuland/install/puzzlebot_sim/lib/python3.10/site-packages/puzzlebot_sim/ekf_physical_node.py to ekf_physical_node.cpython-310.pyc
[1.621s] byte-compiling /root/Semestre8/Minichallenge/Puzzlebot-Papuland/install/puzzlebot_sim/lib/python3.10/site-packages/puzzlebot_sim/waypoint_manager.py to waypoint_manager.cpython-310.pyc
[1.622s] byte-compiling /root/Semestre8/Minichallenge/Puzzlebot-Papuland/install/puzzlebot_sim/lib/python3.10/site-packages/puzzlebot_sim/arucostatus.py to arucostatus.cpython-310.pyc
[1.623s] byte-compiling /root/Semestre8/Minichallenge/Puzzlebot-Papuland/install/puzzlebot_sim/lib/python3.10/site-packages/puzzlebot_sim/bug0_FC_node.py to bug0_FC_node.cpython-310.pyc
[1.627s] running install_data
[1.627s] copying launch/Final_Challenge.launch.py -> /root/Semestre8/Minichallenge/Puzzlebot-Papuland/install/puzzlebot_sim/share/puzzlebot_sim/launch
[1.629s] running install_egg_info
[1.631s] removing '/root/Semestre8/Minichallenge/Puzzlebot-Papuland/install/puzzlebot_sim/lib/python3.10/site-packages/puzzlebot_sim-0.0.0-py3.10.egg-info' (and everything under it)
[1.631s] Copying build/puzzlebot_sim/puzzlebot_sim.egg-info to /root/Semestre8/Minichallenge/Puzzlebot-Papuland/install/puzzlebot_sim/lib/python3.10/site-packages/puzzlebot_sim-0.0.0-py3.10.egg-info
[1.633s] running install_scripts
[1.659s] Installing Minichallenge1 script to /root/Semestre8/Minichallenge/Puzzlebot-Papuland/install/puzzlebot_sim/lib/puzzlebot_sim
[1.660s] Installing aruco_detection_monitor script to /root/Semestre8/Minichallenge/Puzzlebot-Papuland/install/puzzlebot_sim/lib/puzzlebot_sim
[1.660s] Installing bug0_FC_node script to /root/Semestre8/Minichallenge/Puzzlebot-Papuland/install/puzzlebot_sim/lib/puzzlebot_sim
[1.660s] Installing bug0_node script to /root/Semestre8/Minichallenge/Puzzlebot-Papuland/install/puzzlebot_sim/lib/puzzlebot_sim
[1.660s] Installing bug2_FC_node script to /root/Semestre8/Minichallenge/Puzzlebot-Papuland/install/puzzlebot_sim/lib/puzzlebot_sim
[1.660s] Installing bug2_node script to /root/Semestre8/Minichallenge/Puzzlebot-Papuland/install/puzzlebot_sim/lib/puzzlebot_sim
[1.660s] Installing ctrl_node script to /root/Semestre8/Minichallenge/Puzzlebot-Papuland/install/puzzlebot_sim/lib/puzzlebot_sim
[1.661s] Installing ekf_physical_node script to /root/Semestre8/Minichallenge/Puzzlebot-Papuland/install/puzzlebot_sim/lib/puzzlebot_sim
[1.661s] Installing loc_node script to /root/Semestre8/Minichallenge/Puzzlebot-Papuland/install/puzzlebot_sim/lib/puzzlebot_sim
[1.661s] Installing sim_node script to /root/Semestre8/Minichallenge/Puzzlebot-Papuland/install/puzzlebot_sim/lib/puzzlebot_sim
[1.661s] Installing traj_node script to /root/Semestre8/Minichallenge/Puzzlebot-Papuland/install/puzzlebot_sim/lib/puzzlebot_sim
[1.662s] Installing waypoint_manager script to /root/Semestre8/Minichallenge/Puzzlebot-Papuland/install/puzzlebot_sim/lib/puzzlebot_sim
[1.662s] writing list of installed files to '/root/Semestre8/Minichallenge/Puzzlebot-Papuland/build/puzzlebot_sim/install.log'
[1.693s] Invoked command in '/root/Semestre8/Minichallenge/Puzzlebot-Papuland' returned '0': PYTHONPATH=/root/Semestre8/Minichallenge/Puzzlebot-Papuland/build/puzzlebot_sim/prefix_override:/usr/lib/python3/dist-packages/colcon_core/task/python/colcon_distutils_commands:/root/Semestre8/Minichallenge/Puzzlebot-Papuland/install/puzzlebot_sim/lib/python3.10/site-packages:${PYTHONPATH} /usr/bin/python3 -W ignore:setup.py install is deprecated -W ignore:easy_install command is deprecated setup.py egg_info --egg-base build/puzzlebot_sim build --build-base /root/Semestre8/Minichallenge/Puzzlebot-Papuland/build/puzzlebot_sim/build install --record /root/Semestre8/Minichallenge/Puzzlebot-Papuland/build/puzzlebot_sim/install.log --single-version-externally-managed install_data
