/home/jp/ros2_ws/src/puzzlebot_sim/install/puzzlebot_sim/lib/python3.10/site-packages/puzzlebot_sim/varianza.py
/home/jp/ros2_ws/src/puzzlebot_sim/install/puzzlebot_sim/lib/python3.10/site-packages/puzzlebot_sim/bug0_FC_node.py
/home/jp/ros2_ws/src/puzzlebot_sim/install/puzzlebot_sim/lib/python3.10/site-packages/puzzlebot_sim/control_node.py
/home/jp/ros2_ws/src/puzzlebot_sim/install/puzzlebot_sim/lib/python3.10/site-packages/puzzlebot_sim/bug1_FC_node.py
/home/jp/ros2_ws/src/puzzlebot_sim/install/puzzlebot_sim/lib/python3.10/site-packages/puzzlebot_sim/trajectory_node.py
/home/jp/ros2_ws/src/puzzlebot_sim/install/puzzlebot_sim/lib/python3.10/site-packages/puzzlebot_sim/bug2_node.py
/home/jp/ros2_ws/src/puzzlebot_sim/install/puzzlebot_sim/lib/python3.10/site-packages/puzzlebot_sim/Minichallenge1.py
/home/jp/ros2_ws/src/puzzlebot_sim/install/puzzlebot_sim/lib/python3.10/site-packages/puzzlebot_sim/puzzlebot_sim_node.py
/home/jp/ros2_ws/src/puzzlebot_sim/install/puzzlebot_sim/lib/python3.10/site-packages/puzzlebot_sim/__init__.py
/home/jp/ros2_ws/src/puzzlebot_sim/install/puzzlebot_sim/lib/python3.10/site-packages/puzzlebot_sim/bug2_FC_node.py
/home/jp/ros2_ws/src/puzzlebot_sim/install/puzzlebot_sim/lib/python3.10/site-packages/puzzlebot_sim/localisation_node.py
/home/jp/ros2_ws/src/puzzlebot_sim/install/puzzlebot_sim/lib/python3.10/site-packages/puzzlebot_sim/bug0_node.py
/home/jp/ros2_ws/src/puzzlebot_sim/install/puzzlebot_sim/lib/python3.10/site-packages/puzzlebot_sim/__pycache__/varianza.cpython-310.pyc
/home/jp/ros2_ws/src/puzzlebot_sim/install/puzzlebot_sim/lib/python3.10/site-packages/puzzlebot_sim/__pycache__/bug0_FC_node.cpython-310.pyc
/home/jp/ros2_ws/src/puzzlebot_sim/install/puzzlebot_sim/lib/python3.10/site-packages/puzzlebot_sim/__pycache__/control_node.cpython-310.pyc
/home/jp/ros2_ws/src/puzzlebot_sim/install/puzzlebot_sim/lib/python3.10/site-packages/puzzlebot_sim/__pycache__/bug1_FC_node.cpython-310.pyc
/home/jp/ros2_ws/src/puzzlebot_sim/install/puzzlebot_sim/lib/python3.10/site-packages/puzzlebot_sim/__pycache__/trajectory_node.cpython-310.pyc
/home/jp/ros2_ws/src/puzzlebot_sim/install/puzzlebot_sim/lib/python3.10/site-packages/puzzlebot_sim/__pycache__/bug2_node.cpython-310.pyc
/home/jp/ros2_ws/src/puzzlebot_sim/install/puzzlebot_sim/lib/python3.10/site-packages/puzzlebot_sim/__pycache__/Minichallenge1.cpython-310.pyc
/home/jp/ros2_ws/src/puzzlebot_sim/install/puzzlebot_sim/lib/python3.10/site-packages/puzzlebot_sim/__pycache__/puzzlebot_sim_node.cpython-310.pyc
/home/jp/ros2_ws/src/puzzlebot_sim/install/puzzlebot_sim/lib/python3.10/site-packages/puzzlebot_sim/__pycache__/__init__.cpython-310.pyc
/home/jp/ros2_ws/src/puzzlebot_sim/install/puzzlebot_sim/lib/python3.10/site-packages/puzzlebot_sim/__pycache__/bug2_FC_node.cpython-310.pyc
/home/jp/ros2_ws/src/puzzlebot_sim/install/puzzlebot_sim/lib/python3.10/site-packages/puzzlebot_sim/__pycache__/localisation_node.cpython-310.pyc
/home/jp/ros2_ws/src/puzzlebot_sim/install/puzzlebot_sim/lib/python3.10/site-packages/puzzlebot_sim/__pycache__/bug0_node.cpython-310.pyc
/home/jp/ros2_ws/src/puzzlebot_sim/install/puzzlebot_sim/share/ament_index/resource_index/packages/puzzlebot_sim
/home/jp/ros2_ws/src/puzzlebot_sim/install/puzzlebot_sim/share/puzzlebot_sim/package.xml
/home/jp/ros2_ws/src/puzzlebot_sim/install/puzzlebot_sim/share/puzzlebot_sim/launch/mc5_master.launch.py
/home/jp/ros2_ws/src/puzzlebot_sim/install/puzzlebot_sim/share/puzzlebot_sim/launch/multi_robot.launch.py
/home/jp/ros2_ws/src/puzzlebot_sim/install/puzzlebot_sim/share/puzzlebot_sim/launch/Final_Challenge.launch.py
/home/jp/ros2_ws/src/puzzlebot_sim/install/puzzlebot_sim/share/puzzlebot_sim/launch/mc3.launch.py
/home/jp/ros2_ws/src/puzzlebot_sim/install/puzzlebot_sim/share/puzzlebot_sim/launch/mc4.launch.py
/home/jp/ros2_ws/src/puzzlebot_sim/install/puzzlebot_sim/share/puzzlebot_sim/launch/puzzlebot.launch.py
/home/jp/ros2_ws/src/puzzlebot_sim/install/puzzlebot_sim/share/puzzlebot_sim/launch/spawn_robot.launch.py
/home/jp/ros2_ws/src/puzzlebot_sim/install/puzzlebot_sim/share/puzzlebot_sim/config
/home/jp/ros2_ws/src/puzzlebot_sim/install/puzzlebot_sim/share/puzzlebot_sim/rviz/PuzzlebotConfig.rviz
/home/jp/ros2_ws/src/puzzlebot_sim/install/puzzlebot_sim/share/puzzlebot_sim/meshes/Puzzlebot_Jetson_Lidar_Edition_Base.stl
/home/jp/ros2_ws/src/puzzlebot_sim/install/puzzlebot_sim/share/puzzlebot_sim/meshes/Puzzlebot_Caster_Wheel.stl
/home/jp/ros2_ws/src/puzzlebot_sim/install/puzzlebot_sim/share/puzzlebot_sim/meshes/Puzzlebot_Wheel.stl
/home/jp/ros2_ws/src/puzzlebot_sim/install/puzzlebot_sim/share/puzzlebot_sim/urdf/puzzlebot.urdf
/home/jp/ros2_ws/src/puzzlebot_sim/install/puzzlebot_sim/share/puzzlebot_sim/urdf
/home/jp/ros2_ws/src/puzzlebot_sim/install/puzzlebot_sim/share/puzzlebot_sim/worlds/nuevomaze.world
/home/jp/ros2_ws/src/puzzlebot_sim/install/puzzlebot_sim/share/puzzlebot_sim/worlds/bug0_test.world
/home/jp/ros2_ws/src/puzzlebot_sim/install/puzzlebot_sim/lib/python3.10/site-packages/puzzlebot_sim-0.0.0-py3.10.egg-info/entry_points.txt
/home/jp/ros2_ws/src/puzzlebot_sim/install/puzzlebot_sim/lib/python3.10/site-packages/puzzlebot_sim-0.0.0-py3.10.egg-info/zip-safe
/home/jp/ros2_ws/src/puzzlebot_sim/install/puzzlebot_sim/lib/python3.10/site-packages/puzzlebot_sim-0.0.0-py3.10.egg-info/requires.txt
/home/jp/ros2_ws/src/puzzlebot_sim/install/puzzlebot_sim/lib/python3.10/site-packages/puzzlebot_sim-0.0.0-py3.10.egg-info/SOURCES.txt
/home/jp/ros2_ws/src/puzzlebot_sim/install/puzzlebot_sim/lib/python3.10/site-packages/puzzlebot_sim-0.0.0-py3.10.egg-info/PKG-INFO
/home/jp/ros2_ws/src/puzzlebot_sim/install/puzzlebot_sim/lib/python3.10/site-packages/puzzlebot_sim-0.0.0-py3.10.egg-info/dependency_links.txt
/home/jp/ros2_ws/src/puzzlebot_sim/install/puzzlebot_sim/lib/python3.10/site-packages/puzzlebot_sim-0.0.0-py3.10.egg-info/top_level.txt
/home/jp/ros2_ws/src/puzzlebot_sim/install/puzzlebot_sim/lib/puzzlebot_sim/Minichallenge1
/home/jp/ros2_ws/src/puzzlebot_sim/install/puzzlebot_sim/lib/puzzlebot_sim/bug0_FC_node = puzzlebot_sim.bug0_FC_node:mainbug1_FC_node = puzzlebot_sim.bug1_FC_node:mainbug2_FC_node
/home/jp/ros2_ws/src/puzzlebot_sim/install/puzzlebot_sim/lib/puzzlebot_sim/bug0_node
/home/jp/ros2_ws/src/puzzlebot_sim/install/puzzlebot_sim/lib/puzzlebot_sim/bug2_node
/home/jp/ros2_ws/src/puzzlebot_sim/install/puzzlebot_sim/lib/puzzlebot_sim/ctrl_node
/home/jp/ros2_ws/src/puzzlebot_sim/install/puzzlebot_sim/lib/puzzlebot_sim/loc_node
/home/jp/ros2_ws/src/puzzlebot_sim/install/puzzlebot_sim/lib/puzzlebot_sim/sim_node
/home/jp/ros2_ws/src/puzzlebot_sim/install/puzzlebot_sim/lib/puzzlebot_sim/traj_node
