[1.208s] Invoking command in '/root/Semestre8/Minichallenge/Puzzlebot-Papuland': PYTHONPATH=/root/Semestre8/Minichallenge/Puzzlebot-Papuland/build/puzzlebot_sim/prefix_override:/usr/lib/python3/dist-packages/colcon_core/task/python/colcon_distutils_commands:/root/Semestre8/Minichallenge/Puzzlebot-Papuland/install/puzzlebot_sim/lib/python3.10/site-packages:${PYTHONPATH} /usr/bin/python3 -W ignore:setup.py install is deprecated -W ignore:easy_install command is deprecated setup.py egg_info --egg-base build/puzzlebot_sim build --build-base /root/Semestre8/Minichallenge/Puzzlebot-Papuland/build/puzzlebot_sim/build install --record /root/Semestre8/Minichallenge/Puzzlebot-Papuland/build/puzzlebot_sim/install.log --single-version-externally-managed install_data
[1.638s] running egg_info
[1.639s] writing build/puzzlebot_sim/puzzlebot_sim.egg-info/PKG-INFO
[1.639s] writing dependency_links to build/puzzlebot_sim/puzzlebot_sim.egg-info/dependency_links.txt
[1.639s] writing entry points to build/puzzlebot_sim/puzzlebot_sim.egg-info/entry_points.txt
[1.640s] writing requirements to build/puzzlebot_sim/puzzlebot_sim.egg-info/requires.txt
[1.640s] writing top-level names to build/puzzlebot_sim/puzzlebot_sim.egg-info/top_level.txt
[1.644s] reading manifest file 'build/puzzlebot_sim/puzzlebot_sim.egg-info/SOURCES.txt'
[1.646s] writing manifest file 'build/puzzlebot_sim/puzzlebot_sim.egg-info/SOURCES.txt'
[1.647s] running build
[1.647s] running build_py
[1.648s] copying puzzlebot_sim/ekf_vision_node.py -> /root/Semestre8/Minichallenge/Puzzlebot-Papuland/build/puzzlebot_sim/build/lib/puzzlebot_sim
[1.649s] running install
[1.650s] running install_lib
[1.651s] copying /root/Semestre8/Minichallenge/Puzzlebot-Papuland/build/puzzlebot_sim/build/lib/puzzlebot_sim/ekf_vision_node.py -> /root/Semestre8/Minichallenge/Puzzlebot-Papuland/install/puzzlebot_sim/lib/python3.10/site-packages/puzzlebot_sim
[1.653s] byte-compiling /root/Semestre8/Minichallenge/Puzzlebot-Papuland/install/puzzlebot_sim/lib/python3.10/site-packages/puzzlebot_sim/ekf_vision_node.py to ekf_vision_node.cpython-310.pyc
[1.656s] running install_data
[1.658s] copying worlds/maze.world -> /root/Semestre8/Minichallenge/Puzzlebot-Papuland/install/puzzlebot_sim/share/puzzlebot_sim/worlds
[1.659s] running install_egg_info
[1.661s] removing '/root/Semestre8/Minichallenge/Puzzlebot-Papuland/install/puzzlebot_sim/lib/python3.10/site-packages/puzzlebot_sim-0.0.0-py3.10.egg-info' (and everything under it)
[1.662s] Copying build/puzzlebot_sim/puzzlebot_sim.egg-info to /root/Semestre8/Minichallenge/Puzzlebot-Papuland/install/puzzlebot_sim/lib/python3.10/site-packages/puzzlebot_sim-0.0.0-py3.10.egg-info
[1.664s] running install_scripts
[1.690s] Installing Minichallenge1 script to /root/Semestre8/Minichallenge/Puzzlebot-Papuland/install/puzzlebot_sim/lib/puzzlebot_sim
[1.691s] Installing bug0_FC_node script to /root/Semestre8/Minichallenge/Puzzlebot-Papuland/install/puzzlebot_sim/lib/puzzlebot_sim
[1.691s] Installing bug0_node script to /root/Semestre8/Minichallenge/Puzzlebot-Papuland/install/puzzlebot_sim/lib/puzzlebot_sim
[1.691s] Installing bug1_FC_node script to /root/Semestre8/Minichallenge/Puzzlebot-Papuland/install/puzzlebot_sim/lib/puzzlebot_sim
[1.691s] Installing bug2_FC_node script to /root/Semestre8/Minichallenge/Puzzlebot-Papuland/install/puzzlebot_sim/lib/puzzlebot_sim
[1.692s] Installing bug2_node script to /root/Semestre8/Minichallenge/Puzzlebot-Papuland/install/puzzlebot_sim/lib/puzzlebot_sim
[1.692s] Installing ctrl_node script to /root/Semestre8/Minichallenge/Puzzlebot-Papuland/install/puzzlebot_sim/lib/puzzlebot_sim
[1.692s] Installing ekf_vision_node script to /root/Semestre8/Minichallenge/Puzzlebot-Papuland/install/puzzlebot_sim/lib/puzzlebot_sim
[1.692s] Installing loc_node script to /root/Semestre8/Minichallenge/Puzzlebot-Papuland/install/puzzlebot_sim/lib/puzzlebot_sim
[1.692s] Installing sim_node script to /root/Semestre8/Minichallenge/Puzzlebot-Papuland/install/puzzlebot_sim/lib/puzzlebot_sim
[1.693s] Installing traj_node script to /root/Semestre8/Minichallenge/Puzzlebot-Papuland/install/puzzlebot_sim/lib/puzzlebot_sim
[1.693s] writing list of installed files to '/root/Semestre8/Minichallenge/Puzzlebot-Papuland/build/puzzlebot_sim/install.log'
[1.724s] Invoked command in '/root/Semestre8/Minichallenge/Puzzlebot-Papuland' returned '0': PYTHONPATH=/root/Semestre8/Minichallenge/Puzzlebot-Papuland/build/puzzlebot_sim/prefix_override:/usr/lib/python3/dist-packages/colcon_core/task/python/colcon_distutils_commands:/root/Semestre8/Minichallenge/Puzzlebot-Papuland/install/puzzlebot_sim/lib/python3.10/site-packages:${PYTHONPATH} /usr/bin/python3 -W ignore:setup.py install is deprecated -W ignore:easy_install command is deprecated setup.py egg_info --egg-base build/puzzlebot_sim build --build-base /root/Semestre8/Minichallenge/Puzzlebot-Papuland/build/puzzlebot_sim/build install --record /root/Semestre8/Minichallenge/Puzzlebot-Papuland/build/puzzlebot_sim/install.log --single-version-externally-managed install_data
