running egg_info
creating build/puzzlebot_sim/puzzlebot_sim.egg-info
writing build/puzzlebot_sim/puzzlebot_sim.egg-info/PKG-INFO
writing dependency_links to build/puzzlebot_sim/puzzlebot_sim.egg-info/dependency_links.txt
writing entry points to build/puzzlebot_sim/puzzlebot_sim.egg-info/entry_points.txt
writing requirements to build/puzzlebot_sim/puzzlebot_sim.egg-info/requires.txt
writing top-level names to build/puzzlebot_sim/puzzlebot_sim.egg-info/top_level.txt
writing manifest file 'build/puzzlebot_sim/puzzlebot_sim.egg-info/SOURCES.txt'
reading manifest file 'build/puzzlebot_sim/puzzlebot_sim.egg-info/SOURCES.txt'
writing manifest file 'build/puzzlebot_sim/puzzlebot_sim.egg-info/SOURCES.txt'
running build
running build_py
creating /home/jp/ros2_ws/src/puzzlebot_sim/build/puzzlebot_sim/build
creating /home/jp/ros2_ws/src/puzzlebot_sim/build/puzzlebot_sim/build/lib
creating /home/jp/ros2_ws/src/puzzlebot_sim/build/puzzlebot_sim/build/lib/puzzlebot_sim
copying puzzlebot_sim/varianza.py -> /home/jp/ros2_ws/src/puzzlebot_sim/build/puzzlebot_sim/build/lib/puzzlebot_sim
copying puzzlebot_sim/bug0_FC_node.py -> /home/jp/ros2_ws/src/puzzlebot_sim/build/puzzlebot_sim/build/lib/puzzlebot_sim
copying puzzlebot_sim/control_node.py -> /home/jp/ros2_ws/src/puzzlebot_sim/build/puzzlebot_sim/build/lib/puzzlebot_sim
copying puzzlebot_sim/bug1_FC_node.py -> /home/jp/ros2_ws/src/puzzlebot_sim/build/puzzlebot_sim/build/lib/puzzlebot_sim
copying puzzlebot_sim/trajectory_node.py -> /home/jp/ros2_ws/src/puzzlebot_sim/build/puzzlebot_sim/build/lib/puzzlebot_sim
copying puzzlebot_sim/bug2_node.py -> /home/jp/ros2_ws/src/puzzlebot_sim/build/puzzlebot_sim/build/lib/puzzlebot_sim
copying puzzlebot_sim/Minichallenge1.py -> /home/jp/ros2_ws/src/puzzlebot_sim/build/puzzlebot_sim/build/lib/puzzlebot_sim
copying puzzlebot_sim/puzzlebot_sim_node.py -> /home/jp/ros2_ws/src/puzzlebot_sim/build/puzzlebot_sim/build/lib/puzzlebot_sim
copying puzzlebot_sim/__init__.py -> /home/jp/ros2_ws/src/puzzlebot_sim/build/puzzlebot_sim/build/lib/puzzlebot_sim
copying puzzlebot_sim/bug2_FC_node.py -> /home/jp/ros2_ws/src/puzzlebot_sim/build/puzzlebot_sim/build/lib/puzzlebot_sim
copying puzzlebot_sim/localisation_node.py -> /home/jp/ros2_ws/src/puzzlebot_sim/build/puzzlebot_sim/build/lib/puzzlebot_sim
copying puzzlebot_sim/bug0_node.py -> /home/jp/ros2_ws/src/puzzlebot_sim/build/puzzlebot_sim/build/lib/puzzlebot_sim
running install
running install_lib
creating /home/jp/ros2_ws/src/puzzlebot_sim/install/puzzlebot_sim/lib/python3.10/site-packages/puzzlebot_sim
copying /home/jp/ros2_ws/src/puzzlebot_sim/build/puzzlebot_sim/build/lib/puzzlebot_sim/varianza.py -> /home/jp/ros2_ws/src/puzzlebot_sim/install/puzzlebot_sim/lib/python3.10/site-packages/puzzlebot_sim
copying /home/jp/ros2_ws/src/puzzlebot_sim/build/puzzlebot_sim/build/lib/puzzlebot_sim/bug0_FC_node.py -> /home/jp/ros2_ws/src/puzzlebot_sim/install/puzzlebot_sim/lib/python3.10/site-packages/puzzlebot_sim
copying /home/jp/ros2_ws/src/puzzlebot_sim/build/puzzlebot_sim/build/lib/puzzlebot_sim/control_node.py -> /home/jp/ros2_ws/src/puzzlebot_sim/install/puzzlebot_sim/lib/python3.10/site-packages/puzzlebot_sim
copying /home/jp/ros2_ws/src/puzzlebot_sim/build/puzzlebot_sim/build/lib/puzzlebot_sim/bug1_FC_node.py -> /home/jp/ros2_ws/src/puzzlebot_sim/install/puzzlebot_sim/lib/python3.10/site-packages/puzzlebot_sim
copying /home/jp/ros2_ws/src/puzzlebot_sim/build/puzzlebot_sim/build/lib/puzzlebot_sim/trajectory_node.py -> /home/jp/ros2_ws/src/puzzlebot_sim/install/puzzlebot_sim/lib/python3.10/site-packages/puzzlebot_sim
copying /home/jp/ros2_ws/src/puzzlebot_sim/build/puzzlebot_sim/build/lib/puzzlebot_sim/bug2_node.py -> /home/jp/ros2_ws/src/puzzlebot_sim/install/puzzlebot_sim/lib/python3.10/site-packages/puzzlebot_sim
copying /home/jp/ros2_ws/src/puzzlebot_sim/build/puzzlebot_sim/build/lib/puzzlebot_sim/Minichallenge1.py -> /home/jp/ros2_ws/src/puzzlebot_sim/install/puzzlebot_sim/lib/python3.10/site-packages/puzzlebot_sim
copying /home/jp/ros2_ws/src/puzzlebot_sim/build/puzzlebot_sim/build/lib/puzzlebot_sim/puzzlebot_sim_node.py -> /home/jp/ros2_ws/src/puzzlebot_sim/install/puzzlebot_sim/lib/python3.10/site-packages/puzzlebot_sim
copying /home/jp/ros2_ws/src/puzzlebot_sim/build/puzzlebot_sim/build/lib/puzzlebot_sim/__init__.py -> /home/jp/ros2_ws/src/puzzlebot_sim/install/puzzlebot_sim/lib/python3.10/site-packages/puzzlebot_sim
copying /home/jp/ros2_ws/src/puzzlebot_sim/build/puzzlebot_sim/build/lib/puzzlebot_sim/bug2_FC_node.py -> /home/jp/ros2_ws/src/puzzlebot_sim/install/puzzlebot_sim/lib/python3.10/site-packages/puzzlebot_sim
copying /home/jp/ros2_ws/src/puzzlebot_sim/build/puzzlebot_sim/build/lib/puzzlebot_sim/localisation_node.py -> /home/jp/ros2_ws/src/puzzlebot_sim/install/puzzlebot_sim/lib/python3.10/site-packages/puzzlebot_sim
copying /home/jp/ros2_ws/src/puzzlebot_sim/build/puzzlebot_sim/build/lib/puzzlebot_sim/bug0_node.py -> /home/jp/ros2_ws/src/puzzlebot_sim/install/puzzlebot_sim/lib/python3.10/site-packages/puzzlebot_sim
byte-compiling /home/jp/ros2_ws/src/puzzlebot_sim/install/puzzlebot_sim/lib/python3.10/site-packages/puzzlebot_sim/varianza.py to varianza.cpython-310.pyc
byte-compiling /home/jp/ros2_ws/src/puzzlebot_sim/install/puzzlebot_sim/lib/python3.10/site-packages/puzzlebot_sim/bug0_FC_node.py to bug0_FC_node.cpython-310.pyc
byte-compiling /home/jp/ros2_ws/src/puzzlebot_sim/install/puzzlebot_sim/lib/python3.10/site-packages/puzzlebot_sim/control_node.py to control_node.cpython-310.pyc
byte-compiling /home/jp/ros2_ws/src/puzzlebot_sim/install/puzzlebot_sim/lib/python3.10/site-packages/puzzlebot_sim/bug1_FC_node.py to bug1_FC_node.cpython-310.pyc
byte-compiling /home/jp/ros2_ws/src/puzzlebot_sim/install/puzzlebot_sim/lib/python3.10/site-packages/puzzlebot_sim/trajectory_node.py to trajectory_node.cpython-310.pyc
byte-compiling /home/jp/ros2_ws/src/puzzlebot_sim/install/puzzlebot_sim/lib/python3.10/site-packages/puzzlebot_sim/bug2_node.py to bug2_node.cpython-310.pyc
byte-compiling /home/jp/ros2_ws/src/puzzlebot_sim/install/puzzlebot_sim/lib/python3.10/site-packages/puzzlebot_sim/Minichallenge1.py to Minichallenge1.cpython-310.pyc
byte-compiling /home/jp/ros2_ws/src/puzzlebot_sim/install/puzzlebot_sim/lib/python3.10/site-packages/puzzlebot_sim/puzzlebot_sim_node.py to puzzlebot_sim_node.cpython-310.pyc
byte-compiling /home/jp/ros2_ws/src/puzzlebot_sim/install/puzzlebot_sim/lib/python3.10/site-packages/puzzlebot_sim/__init__.py to __init__.cpython-310.pyc
byte-compiling /home/jp/ros2_ws/src/puzzlebot_sim/install/puzzlebot_sim/lib/python3.10/site-packages/puzzlebot_sim/bug2_FC_node.py to bug2_FC_node.cpython-310.pyc
byte-compiling /home/jp/ros2_ws/src/puzzlebot_sim/install/puzzlebot_sim/lib/python3.10/site-packages/puzzlebot_sim/localisation_node.py to localisation_node.cpython-310.pyc
byte-compiling /home/jp/ros2_ws/src/puzzlebot_sim/install/puzzlebot_sim/lib/python3.10/site-packages/puzzlebot_sim/bug0_node.py to bug0_node.cpython-310.pyc
running install_data
creating /home/jp/ros2_ws/src/puzzlebot_sim/install/puzzlebot_sim/share/ament_index
creating /home/jp/ros2_ws/src/puzzlebot_sim/install/puzzlebot_sim/share/ament_index/resource_index
creating /home/jp/ros2_ws/src/puzzlebot_sim/install/puzzlebot_sim/share/ament_index/resource_index/packages
copying resource/puzzlebot_sim -> /home/jp/ros2_ws/src/puzzlebot_sim/install/puzzlebot_sim/share/ament_index/resource_index/packages
copying package.xml -> /home/jp/ros2_ws/src/puzzlebot_sim/install/puzzlebot_sim/share/puzzlebot_sim
creating /home/jp/ros2_ws/src/puzzlebot_sim/install/puzzlebot_sim/share/puzzlebot_sim/launch
copying launch/mc5_master.launch.py -> /home/jp/ros2_ws/src/puzzlebot_sim/install/puzzlebot_sim/share/puzzlebot_sim/launch
copying launch/multi_robot.launch.py -> /home/jp/ros2_ws/src/puzzlebot_sim/install/puzzlebot_sim/share/puzzlebot_sim/launch
copying launch/Final_Challenge.launch.py -> /home/jp/ros2_ws/src/puzzlebot_sim/install/puzzlebot_sim/share/puzzlebot_sim/launch
copying launch/mc3.launch.py -> /home/jp/ros2_ws/src/puzzlebot_sim/install/puzzlebot_sim/share/puzzlebot_sim/launch
copying launch/mc4.launch.py -> /home/jp/ros2_ws/src/puzzlebot_sim/install/puzzlebot_sim/share/puzzlebot_sim/launch
copying launch/puzzlebot.launch.py -> /home/jp/ros2_ws/src/puzzlebot_sim/install/puzzlebot_sim/share/puzzlebot_sim/launch
copying launch/spawn_robot.launch.py -> /home/jp/ros2_ws/src/puzzlebot_sim/install/puzzlebot_sim/share/puzzlebot_sim/launch
creating /home/jp/ros2_ws/src/puzzlebot_sim/install/puzzlebot_sim/share/puzzlebot_sim/config
creating /home/jp/ros2_ws/src/puzzlebot_sim/install/puzzlebot_sim/share/puzzlebot_sim/rviz
copying rviz/PuzzlebotConfig.rviz -> /home/jp/ros2_ws/src/puzzlebot_sim/install/puzzlebot_sim/share/puzzlebot_sim/rviz
creating /home/jp/ros2_ws/src/puzzlebot_sim/install/puzzlebot_sim/share/puzzlebot_sim/meshes
copying meshes/Puzzlebot_Jetson_Lidar_Edition_Base.stl -> /home/jp/ros2_ws/src/puzzlebot_sim/install/puzzlebot_sim/share/puzzlebot_sim/meshes
copying meshes/Puzzlebot_Caster_Wheel.stl -> /home/jp/ros2_ws/src/puzzlebot_sim/install/puzzlebot_sim/share/puzzlebot_sim/meshes
copying meshes/Puzzlebot_Wheel.stl -> /home/jp/ros2_ws/src/puzzlebot_sim/install/puzzlebot_sim/share/puzzlebot_sim/meshes
creating /home/jp/ros2_ws/src/puzzlebot_sim/install/puzzlebot_sim/share/puzzlebot_sim/urdf
copying urdf/puzzlebot.urdf -> /home/jp/ros2_ws/src/puzzlebot_sim/install/puzzlebot_sim/share/puzzlebot_sim/urdf
creating /home/jp/ros2_ws/src/puzzlebot_sim/install/puzzlebot_sim/share/puzzlebot_sim/worlds
copying worlds/nuevomaze.world -> /home/jp/ros2_ws/src/puzzlebot_sim/install/puzzlebot_sim/share/puzzlebot_sim/worlds
copying worlds/bug0_test.world -> /home/jp/ros2_ws/src/puzzlebot_sim/install/puzzlebot_sim/share/puzzlebot_sim/worlds
running install_egg_info
Copying build/puzzlebot_sim/puzzlebot_sim.egg-info to /home/jp/ros2_ws/src/puzzlebot_sim/install/puzzlebot_sim/lib/python3.10/site-packages/puzzlebot_sim-0.0.0-py3.10.egg-info
running install_scripts
Installing Minichallenge1 script to /home/jp/ros2_ws/src/puzzlebot_sim/install/puzzlebot_sim/lib/puzzlebot_sim
Installing bug0_FC_node = puzzlebot_sim.bug0_FC_node:mainbug1_FC_node = puzzlebot_sim.bug1_FC_node:mainbug2_FC_node script to /home/jp/ros2_ws/src/puzzlebot_sim/install/puzzlebot_sim/lib/puzzlebot_sim
Installing bug0_node script to /home/jp/ros2_ws/src/puzzlebot_sim/install/puzzlebot_sim/lib/puzzlebot_sim
Installing bug2_node script to /home/jp/ros2_ws/src/puzzlebot_sim/install/puzzlebot_sim/lib/puzzlebot_sim
Installing ctrl_node script to /home/jp/ros2_ws/src/puzzlebot_sim/install/puzzlebot_sim/lib/puzzlebot_sim
Installing loc_node script to /home/jp/ros2_ws/src/puzzlebot_sim/install/puzzlebot_sim/lib/puzzlebot_sim
Installing sim_node script to /home/jp/ros2_ws/src/puzzlebot_sim/install/puzzlebot_sim/lib/puzzlebot_sim
Installing traj_node script to /home/jp/ros2_ws/src/puzzlebot_sim/install/puzzlebot_sim/lib/puzzlebot_sim
writing list of installed files to '/home/jp/ros2_ws/src/puzzlebot_sim/build/puzzlebot_sim/install.log'
